---
source: tests/cli/main.rs
expression: stdout
---
Found 5 mutants to test
ok       Unmutated baseline
MISSED   src/bin/factorial.rs:2:5: replace main with ()
caught   src/bin/factorial.rs:8:5: replace factorial -> u32 with 0
caught   src/bin/factorial.rs:8:5: replace factorial -> u32 with 1
caught   src/bin/factorial.rs:10:11: replace *= with += in factorial
caught   src/bin/factorial.rs:10:11: replace *= with /= in factorial
5 mutants tested: 1 missed, 4 caught

