---
source: src/visit.rs
expression: list_output
---
src/main.rs: replace [38;5;13mmain[0m [35m-> Result<()>[0m with [33mOk(())[0m
src/main.rs: replace [38;5;13mmain[0m [35m-> Result<()>[0m with [33mErr(::anyhow::anyhow!("mutated!"))[0m
src/build_dir.rs: replace [38;5;13mBuildDir::copy_from[0m [35m-> Result<BuildDir>[0m with [33mOk(Default::default())[0m
src/build_dir.rs: replace [38;5;13mBuildDir::copy_from[0m [35m-> Result<BuildDir>[0m with [33mErr(::anyhow::anyhow!("mutated!"))[0m
src/build_dir.rs: replace [38;5;13mBuildDir::in_place[0m [35m-> Result<BuildDir>[0m with [33mOk(Default::default())[0m
src/build_dir.rs: replace [38;5;13mBuildDir::in_place[0m [35m-> Result<BuildDir>[0m with [33mErr(::anyhow::anyhow!("mutated!"))[0m
src/build_dir.rs: replace [38;5;13mBuildDir::path[0m [35m-> &Utf8Path[0m with [33m&Default::default()[0m
src/cargo.rs: replace [38;5;13mrun_cargo[0m [35m-> Result<PhaseResult>[0m with [33mOk(Default::default())[0m
src/cargo.rs: replace [38;5;13mrun_cargo[0m [35m-> Result<PhaseResult>[0m with [33mErr(::anyhow::anyhow!("mutated!"))[0m
src/cargo.rs: replace [38;5;13mcargo_bin[0m [35m-> String[0m with [33mString::new()[0m
src/cargo.rs: replace [38;5;13mcargo_bin[0m [35m-> String[0m with [33m"xyzzy".into()[0m
src/cargo.rs: replace [38;5;13mcargo_argv[0m [35m-> Vec<String>[0m with [33mvec![][0m
src/cargo.rs: replace [38;5;13mcargo_argv[0m [35m-> Vec<String>[0m with [33mvec![String::new()][0m
src/cargo.rs: replace [38;5;13mcargo_argv[0m [35m-> Vec<String>[0m with [33mvec!["xyzzy".into()][0m
src/cargo.rs: replace [33m||[0m with [38;5;11m&&[0m in [38;5;13mcargo_argv[0m
src/cargo.rs: replace [33m||[0m with [38;5;11m&&[0m in [38;5;13mcargo_argv[0m
src/cargo.rs: replace [33m==[0m with [38;5;11m!=[0m in [38;5;13mcargo_argv[0m
src/cargo.rs: replace [33m==[0m with [38;5;11m!=[0m in [38;5;13mcargo_argv[0m
src/cargo.rs: replace [33m==[0m with [38;5;11m!=[0m in [38;5;13mcargo_argv[0m
src/cargo.rs: replace [33m==[0m with [38;5;11m!=[0m in [38;5;13mcargo_argv[0m
src/cargo.rs: replace [33m&&[0m with [38;5;11m||[0m in [38;5;13mcargo_argv[0m
src/cargo.rs: replace [38;5;13mappend_packages[0m with [33m()[0m
src/cargo.rs: replace [33m+[0m with [38;5;11m-[0m in [38;5;13mappend_packages[0m
src/cargo.rs: replace [33m+[0m with [38;5;11m*[0m in [38;5;13mappend_packages[0m
src/cargo.rs: replace [33m+[0m with [38;5;11m-[0m in [38;5;13mappend_packages[0m
src/cargo.rs: replace [33m+[0m with [38;5;11m*[0m in [38;5;13mappend_packages[0m
src/cargo.rs: replace [38;5;13mrustflags[0m [35m-> String[0m with [33mString::new()[0m
src/cargo.rs: replace [38;5;13mrustflags[0m [35m-> String[0m with [33m"xyzzy".into()[0m
src/cargo.rs: replace [33m==[0m with [38;5;11m!=[0m in [38;5;13mrustflags[0m
src/config.rs: replace [38;5;13mConfig::read_file[0m [35m-> Result<Config>[0m with [33mOk(Default::default())[0m
src/config.rs: replace [38;5;13mConfig::read_file[0m [35m-> Result<Config>[0m with [33mErr(::anyhow::anyhow!("mutated!"))[0m
src/config.rs: replace [38;5;13mConfig::read_tree_config[0m [35m-> Result<Config>[0m with [33mOk(Default::default())[0m
src/config.rs: replace [38;5;13mConfig::read_tree_config[0m [35m-> Result<Config>[0m with [33mErr(::anyhow::anyhow!("mutated!"))[0m
src/console.rs: replace [38;5;13mConsole::set_colors_enabled[0m with [33m()[0m
src/console.rs: replace [38;5;13mConsole::walk_tree_start[0m with [33m()[0m
src/console.rs: replace [38;5;13mConsole::walk_tree_update[0m with [33m()[0m
src/console.rs: replace [38;5;13mConsole::walk_tree_done[0m with [33m()[0m
src/console.rs: replace [38;5;13mConsole::scenario_started[0m [35m-> Result<()>[0m with [33mOk(())[0m
src/console.rs: replace [38;5;13mConsole::scenario_started[0m [35m-> Result<()>[0m with [33mErr(::anyhow::anyhow!("mutated!"))[0m
src/console.rs: replace [38;5;13mConsole::scenario_finished[0m with [33m()[0m
src/console.rs: replace [33m+=[0m with [38;5;11m-=[0m in [38;5;13mConsole::scenario_finished[0m
src/console.rs: replace [33m+=[0m with [38;5;11m*=[0m in [38;5;13mConsole::scenario_finished[0m
src/console.rs: replace [33m+=[0m with [38;5;11m-=[0m in [38;5;13mConsole::scenario_finished[0m
src/console.rs: replace [33m+=[0m with [38;5;11m*=[0m in [38;5;13mConsole::scenario_finished[0m
src/console.rs: replace [33m+=[0m with [38;5;11m-=[0m in [38;5;13mConsole::scenario_finished[0m
src/console.rs: replace [33m+=[0m with [38;5;11m*=[0m in [38;5;13mConsole::scenario_finished[0m
src/console.rs: replace [33m+=[0m with [38;5;11m-=[0m in [38;5;13mConsole::scenario_finished[0m
src/console.rs: replace [33m+=[0m with [38;5;11m*=[0m in [38;5;13mConsole::scenario_finished[0m
src/console.rs: replace [33m+=[0m with [38;5;11m-=[0m in [38;5;13mConsole::scenario_finished[0m
src/console.rs: replace [33m+=[0m with [38;5;11m*=[0m in [38;5;13mConsole::scenario_finished[0m
src/console.rs: replace [33m+=[0m with [38;5;11m-=[0m in [38;5;13mConsole::scenario_finished[0m
src/console.rs: replace [33m+=[0m with [38;5;11m*=[0m in [38;5;13mConsole::scenario_finished[0m
src/console.rs: replace [33m+=[0m with [38;5;11m-=[0m in [38;5;13mConsole::scenario_finished[0m
src/console.rs: replace [33m+=[0m with [38;5;11m*=[0m in [38;5;13mConsole::scenario_finished[0m
src/console.rs: replace [33m||[0m with [38;5;11m&&[0m in [38;5;13mConsole::scenario_finished[0m
src/console.rs: replace [33m&&[0m with [38;5;11m||[0m in [38;5;13mConsole::scenario_finished[0m
src/console.rs: replace [33m&&[0m with [38;5;11m||[0m in [38;5;13mConsole::scenario_finished[0m
src/console.rs: replace [33m&&[0m with [38;5;11m||[0m in [38;5;13mConsole::scenario_finished[0m
src/console.rs: replace [33m||[0m with [38;5;11m&&[0m in [38;5;13mConsole::scenario_finished[0m
src/console.rs: replace [38;5;13mConsole::start_copy[0m with [33m()[0m
src/console.rs: replace [38;5;13mConsole::finish_copy[0m with [33m()[0m
src/console.rs: replace [38;5;13mConsole::copy_progress[0m with [33m()[0m
src/console.rs: replace [38;5;13mConsole::discovered_mutants[0m with [33m()[0m
src/console.rs: replace [38;5;13mConsole::start_testing_mutants[0m with [33m()[0m
src/console.rs: replace [38;5;13mConsole::scenario_phase_started[0m with [33m()[0m
src/console.rs: replace [38;5;13mConsole::scenario_phase_finished[0m with [33m()[0m
src/console.rs: replace [38;5;13mConsole::lab_finished[0m with [33m()[0m
src/console.rs: replace [38;5;13mConsole::clear[0m with [33m()[0m
src/console.rs: replace [38;5;13mConsole::message[0m with [33m()[0m
src/console.rs: replace [38;5;13mConsole::tick[0m with [33m()[0m
src/console.rs: replace [38;5;13mConsole::make_terminal_writer[0m [35m-> TerminalWriter[0m with [33mDefault::default()[0m
src/console.rs: replace [38;5;13mConsole::make_debug_log_writer[0m [35m-> DebugLogWriter[0m with [33mDefault::default()[0m
src/console.rs: replace [38;5;13mConsole::set_debug_log[0m with [33m()[0m
src/console.rs: replace [38;5;13mConsole::setup_global_trace[0m [35m-> Result<()>[0m with [33mOk(())[0m
src/console.rs: replace [38;5;13mConsole::setup_global_trace[0m [35m-> Result<()>[0m with [33mErr(::anyhow::anyhow!("mutated!"))[0m
src/console.rs: replace [38;5;13m<impl MakeWriter for TerminalWriter>::make_writer[0m [35m-> Self::Writer[0m with [33mDefault::default()[0m
src/console.rs: replace [38;5;13m<impl Write for TerminalWriter>::write[0m [35m-> std::io::Result<usize>[0m with [33mOk(0)[0m
src/console.rs: replace [38;5;13m<impl Write for TerminalWriter>::write[0m [35m-> std::io::Result<usize>[0m with [33mOk(1)[0m
src/console.rs: replace [38;5;13m<impl Write for TerminalWriter>::write[0m [35m-> std::io::Result<usize>[0m with [33mErr(::anyhow::anyhow!("mutated!"))[0m
src/console.rs: replace [38;5;13m<impl Write for TerminalWriter>::flush[0m [35m-> std::io::Result<()>[0m with [33mErr(::anyhow::anyhow!("mutated!"))[0m
src/console.rs: replace [38;5;13m<impl MakeWriter for DebugLogWriter>::make_writer[0m [35m-> Self::Writer[0m with [33mDefault::default()[0m
src/console.rs: replace [38;5;13m<impl Write for DebugLogWriter>::write[0m [35m-> io::Result<usize>[0m with [33mOk(0)[0m
src/console.rs: replace [38;5;13m<impl Write for DebugLogWriter>::write[0m [35m-> io::Result<usize>[0m with [33mOk(1)[0m
src/console.rs: replace [38;5;13m<impl Write for DebugLogWriter>::write[0m [35m-> io::Result<usize>[0m with [33mErr(::anyhow::anyhow!("mutated!"))[0m
src/console.rs: replace [38;5;13m<impl Write for DebugLogWriter>::flush[0m [35m-> io::Result<()>[0m with [33mOk(())[0m
src/console.rs: replace [38;5;13m<impl Write for DebugLogWriter>::flush[0m [35m-> io::Result<()>[0m with [33mErr(::anyhow::anyhow!("mutated!"))[0m
src/console.rs: replace [38;5;13m<impl Model for LabModel>::render[0m [35m-> String[0m with [33mString::new()[0m
src/console.rs: replace [38;5;13m<impl Model for LabModel>::render[0m [35m-> String[0m with [33m"xyzzy".into()[0m
src/console.rs: replace [33m+=[0m with [38;5;11m-=[0m in [38;5;13m<impl Model for LabModel>::render[0m
src/console.rs: replace [33m+=[0m with [38;5;11m*=[0m in [38;5;13m<impl Model for LabModel>::render[0m
src/console.rs: replace [33m>[0m with [38;5;11m==[0m in [38;5;13m<impl Model for LabModel>::render[0m
src/console.rs: replace [33m>[0m with [38;5;11m<[0m in [38;5;13m<impl Model for LabModel>::render[0m
src/console.rs: replace [33m>[0m with [38;5;11m==[0m in [38;5;13m<impl Model for LabModel>::render[0m
src/console.rs: replace [33m>[0m with [38;5;11m<[0m in [38;5;13m<impl Model for LabModel>::render[0m
src/console.rs: replace [33m>[0m with [38;5;11m==[0m in [38;5;13m<impl Model for LabModel>::render[0m
src/console.rs: replace [33m>[0m with [38;5;11m<[0m in [38;5;13m<impl Model for LabModel>::render[0m
src/console.rs: replace [33m>[0m with [38;5;11m==[0m in [38;5;13m<impl Model for LabModel>::render[0m
src/console.rs: replace [33m>[0m with [38;5;11m<[0m in [38;5;13m<impl Model for LabModel>::render[0m
src/console.rs: replace [33m>[0m with [38;5;11m==[0m in [38;5;13m<impl Model for LabModel>::render[0m
src/console.rs: replace [33m>[0m with [38;5;11m<[0m in [38;5;13m<impl Model for LabModel>::render[0m
src/console.rs: replace [33m-[0m with [38;5;11m+[0m in [38;5;13m<impl Model for LabModel>::render[0m
src/console.rs: replace [33m-[0m with [38;5;11m/[0m in [38;5;13m<impl Model for LabModel>::render[0m
src/console.rs: replace [33m/[0m with [38;5;11m%[0m in [38;5;13m<impl Model for LabModel>::render[0m
src/console.rs: replace [33m/[0m with [38;5;11m*[0m in [38;5;13m<impl Model for LabModel>::render[0m
src/console.rs: replace [33m*[0m with [38;5;11m+[0m in [38;5;13m<impl Model for LabModel>::render[0m
src/console.rs: replace [33m*[0m with [38;5;11m/[0m in [38;5;13m<impl Model for LabModel>::render[0m
src/console.rs: replace [33m>[0m with [38;5;11m==[0m in [38;5;13m<impl Model for LabModel>::render[0m
src/console.rs: replace [33m>[0m with [38;5;11m<[0m in [38;5;13m<impl Model for LabModel>::render[0m
src/console.rs: replace [33m*[0m with [38;5;11m+[0m in [38;5;13m<impl Model for LabModel>::render[0m
src/console.rs: replace [33m*[0m with [38;5;11m/[0m in [38;5;13m<impl Model for LabModel>::render[0m
src/console.rs: replace [33m/[0m with [38;5;11m%[0m in [38;5;13m<impl Model for LabModel>::render[0m
src/console.rs: replace [33m/[0m with [38;5;11m*[0m in [38;5;13m<impl Model for LabModel>::render[0m
src/console.rs: replace [33m+[0m with [38;5;11m-[0m in [38;5;13m<impl Model for LabModel>::render[0m
src/console.rs: replace [33m+[0m with [38;5;11m*[0m in [38;5;13m<impl Model for LabModel>::render[0m
src/console.rs: replace [38;5;13mLabModel::find_scenario_mut[0m [35m-> &mut ScenarioModel[0m with [33mBox::leak(Box::new(Default::default()))[0m
src/console.rs: replace [33m==[0m with [38;5;11m!=[0m in [38;5;13mLabModel::find_scenario_mut[0m
src/console.rs: replace [38;5;13mLabModel::remove_scenario[0m with [33m()[0m
src/console.rs: replace [33m!=[0m with [38;5;11m==[0m in [38;5;13mLabModel::remove_scenario[0m
src/console.rs: replace [38;5;13m<impl Model for WalkModel>::render[0m [35m-> String[0m with [33mString::new()[0m
src/console.rs: replace [38;5;13m<impl Model for WalkModel>::render[0m [35m-> String[0m with [33m"xyzzy".into()[0m
src/console.rs: replace [33m==[0m with [38;5;11m!=[0m in [38;5;13m<impl Model for WalkModel>::render[0m
src/console.rs: replace [38;5;13mScenarioModel::phase_started[0m with [33m()[0m
src/console.rs: replace [38;5;13mScenarioModel::phase_finished[0m with [33m()[0m
src/console.rs: replace [38;5;13m<impl Model for ScenarioModel>::render[0m [35m-> String[0m with [33mString::new()[0m
src/console.rs: replace [38;5;13m<impl Model for ScenarioModel>::render[0m [35m-> String[0m with [33m"xyzzy".into()[0m
src/console.rs: replace [38;5;13mCopyModel::bytes_copied[0m with [33m()[0m
src/console.rs: replace [38;5;13m<impl Model for CopyModel>::render[0m [35m-> String[0m with [33mString::new()[0m
src/console.rs: replace [38;5;13m<impl Model for CopyModel>::render[0m [35m-> String[0m with [33m"xyzzy".into()[0m
src/console.rs: replace [38;5;13mnutmeg_options[0m [35m-> nutmeg::Options[0m with [33mDefault::default()[0m
src/console.rs: replace [38;5;13mstyle_outcome[0m [35m-> StyledObject<&'static str>[0m with [33mStyledObject::new()[0m
src/console.rs: replace [38;5;13mstyle_outcome[0m [35m-> StyledObject<&'static str>[0m with [33mStyledObject::from_iter([""])[0m
src/console.rs: replace [38;5;13mstyle_outcome[0m [35m-> StyledObject<&'static str>[0m with [33mStyledObject::new("")[0m
src/console.rs: replace [38;5;13mstyle_outcome[0m [35m-> StyledObject<&'static str>[0m with [33mStyledObject::from("")[0m
src/console.rs: replace [38;5;13mstyle_outcome[0m [35m-> StyledObject<&'static str>[0m with [33mStyledObject::from_iter(["xyzzy"])[0m
src/console.rs: replace [38;5;13mstyle_outcome[0m [35m-> StyledObject<&'static str>[0m with [33mStyledObject::new("xyzzy")[0m
src/console.rs: replace [38;5;13mstyle_outcome[0m [35m-> StyledObject<&'static str>[0m with [33mStyledObject::from("xyzzy")[0m
src/console.rs: replace [38;5;13mstyle_secs[0m [35m-> String[0m with [33mString::new()[0m
src/console.rs: replace [38;5;13mstyle_secs[0m [35m-> String[0m with [33m"xyzzy".into()[0m
src/console.rs: replace [38;5;13mstyle_duration[0m [35m-> String[0m with [33mString::new()[0m
src/console.rs: replace [38;5;13mstyle_duration[0m [35m-> String[0m with [33m"xyzzy".into()[0m
src/console.rs: replace [38;5;13mformat_mb[0m [35m-> String[0m with [33mString::new()[0m
src/console.rs: replace [38;5;13mformat_mb[0m [35m-> String[0m with [33m"xyzzy".into()[0m
src/console.rs: replace [38;5;13mstyle_mb[0m [35m-> StyledObject<String>[0m with [33mStyledObject::new()[0m
src/console.rs: replace [38;5;13mstyle_mb[0m [35m-> StyledObject<String>[0m with [33mStyledObject::from_iter([String::new()])[0m
src/console.rs: replace [38;5;13mstyle_mb[0m [35m-> StyledObject<String>[0m with [33mStyledObject::new(String::new())[0m
src/console.rs: replace [38;5;13mstyle_mb[0m [35m-> StyledObject<String>[0m with [33mStyledObject::from(String::new())[0m
src/console.rs: replace [38;5;13mstyle_mb[0m [35m-> StyledObject<String>[0m with [33mStyledObject::from_iter(["xyzzy".into()])[0m
src/console.rs: replace [38;5;13mstyle_mb[0m [35m-> StyledObject<String>[0m with [33mStyledObject::new("xyzzy".into())[0m
src/console.rs: replace [38;5;13mstyle_mb[0m [35m-> StyledObject<String>[0m with [33mStyledObject::from("xyzzy".into())[0m
src/console.rs: replace [38;5;13mstyle_scenario[0m [35m-> Cow<'static, str>[0m with [33mCow::Borrowed("")[0m
src/console.rs: replace [38;5;13mstyle_scenario[0m [35m-> Cow<'static, str>[0m with [33mCow::Owned("".to_owned())[0m
src/console.rs: replace [38;5;13mstyle_scenario[0m [35m-> Cow<'static, str>[0m with [33mCow::Borrowed("xyzzy")[0m
src/console.rs: replace [38;5;13mstyle_scenario[0m [35m-> Cow<'static, str>[0m with [33mCow::Owned("xyzzy".to_owned())[0m
src/console.rs: replace [38;5;13mplural[0m [35m-> String[0m with [33mString::new()[0m
src/console.rs: replace [38;5;13mplural[0m [35m-> String[0m with [33m"xyzzy".into()[0m
src/console.rs: replace [33m==[0m with [38;5;11m!=[0m in [38;5;13mplural[0m
src/copy_tree.rs: replace [38;5;13mcopy_tree[0m [35m-> Result<TempDir>[0m with [33mOk(Default::default())[0m
src/copy_tree.rs: replace [38;5;13mcopy_tree[0m [35m-> Result<TempDir>[0m with [33mErr(::anyhow::anyhow!("mutated!"))[0m
src/copy_tree.rs: replace [33m+=[0m with [38;5;11m-=[0m in [38;5;13mcopy_tree[0m
src/copy_tree.rs: replace [33m+=[0m with [38;5;11m*=[0m in [38;5;13mcopy_tree[0m
src/copy_tree.rs: replace [33m+=[0m with [38;5;11m-=[0m in [38;5;13mcopy_tree[0m
src/copy_tree.rs: replace [33m+=[0m with [38;5;11m*=[0m in [38;5;13mcopy_tree[0m
src/copy_tree.rs: replace [38;5;13mcopy_symlink[0m [35m-> Result<()>[0m with [33mOk(())[0m
src/copy_tree.rs: replace [38;5;13mcopy_symlink[0m [35m-> Result<()>[0m with [33mErr(::anyhow::anyhow!("mutated!"))[0m
src/fnvalue.rs: replace [38;5;13mreturn_type_replacements[0m [35m-> Vec<TokenStream>[0m with [33mvec![][0m
src/fnvalue.rs: replace [38;5;13mreturn_type_replacements[0m [35m-> Vec<TokenStream>[0m with [33mvec![Default::default()][0m
src/fnvalue.rs: replace [38;5;13mtype_replacements[0m [35m-> impl Iterator<Item = TokenStream>[0m with [33m::std::iter::empty()[0m
src/fnvalue.rs: replace [38;5;13mtype_replacements[0m [35m-> impl Iterator<Item = TokenStream>[0m with [33m::std::iter::once(Default::default())[0m
src/fnvalue.rs: replace [38;5;13mpath_ends_with[0m [35m-> bool[0m with [33mtrue[0m
src/fnvalue.rs: replace [38;5;13mpath_ends_with[0m [35m-> bool[0m with [33mfalse[0m
src/fnvalue.rs: replace [33m==[0m with [38;5;11m!=[0m in [38;5;13mpath_ends_with[0m
src/fnvalue.rs: replace [38;5;13mmatch_impl_iterator[0m [35m-> Option<&Type>[0m with [33mNone[0m
src/fnvalue.rs: replace [38;5;13mmatch_impl_iterator[0m [35m-> Option<&Type>[0m with [33mSome(&Default::default())[0m
src/fnvalue.rs: replace [33m&&[0m with [38;5;11m||[0m in [38;5;13mmatch_impl_iterator[0m
src/fnvalue.rs: replace [33m==[0m with [38;5;11m!=[0m in [38;5;13mmatch_impl_iterator[0m
src/fnvalue.rs: replace [33m==[0m with [38;5;11m!=[0m in [38;5;13mmatch_impl_iterator[0m
src/fnvalue.rs: replace [33m==[0m with [38;5;11m!=[0m in [38;5;13mmatch_impl_iterator[0m
src/fnvalue.rs: replace [38;5;13mknown_container[0m [35m-> Option<(&Ident, &Type)>[0m with [33mNone[0m
src/fnvalue.rs: replace [38;5;13mknown_container[0m [35m-> Option<(&Ident, &Type)>[0m with [33mSome((&Default::default(), &Default::default()))[0m
src/fnvalue.rs: replace [33m==[0m with [38;5;11m!=[0m in [38;5;13mknown_container[0m
src/fnvalue.rs: replace [33m==[0m with [38;5;11m!=[0m in [38;5;13mknown_container[0m
src/fnvalue.rs: replace [38;5;13mknown_collection[0m [35m-> Option<(&Ident, &Type)>[0m with [33mNone[0m
src/fnvalue.rs: replace [38;5;13mknown_collection[0m [35m-> Option<(&Ident, &Type)>[0m with [33mSome((&Default::default(), &Default::default()))[0m
src/fnvalue.rs: replace [33m==[0m with [38;5;11m!=[0m in [38;5;13mknown_collection[0m
src/fnvalue.rs: replace [33m==[0m with [38;5;11m!=[0m in [38;5;13mknown_collection[0m
src/fnvalue.rs: replace [38;5;13mknown_map[0m [35m-> Option<(&Ident, &Type, &Type)>[0m with [33mNone[0m
src/fnvalue.rs: replace [38;5;13mknown_map[0m [35m-> Option<(&Ident, &Type, &Type)>[0m with [33mSome((&Default::default(), &Default::default(), &Default::default()))[0m
src/fnvalue.rs: replace [33m==[0m with [38;5;11m!=[0m in [38;5;13mknown_map[0m
src/fnvalue.rs: replace [38;5;13mmaybe_collection_or_container[0m [35m-> Option<(&Ident, &Type)>[0m with [33mNone[0m
src/fnvalue.rs: replace [38;5;13mmaybe_collection_or_container[0m [35m-> Option<(&Ident, &Type)>[0m with [33mSome((&Default::default(), &Default::default()))[0m
src/fnvalue.rs: replace [33m==[0m with [38;5;11m!=[0m in [38;5;13mmaybe_collection_or_container[0m
src/fnvalue.rs: replace [38;5;13mpath_is_float[0m [35m-> bool[0m with [33mtrue[0m
src/fnvalue.rs: replace [38;5;13mpath_is_float[0m [35m-> bool[0m with [33mfalse[0m
src/fnvalue.rs: replace [38;5;13mpath_is_unsigned[0m [35m-> bool[0m with [33mtrue[0m
src/fnvalue.rs: replace [38;5;13mpath_is_unsigned[0m [35m-> bool[0m with [33mfalse[0m
src/fnvalue.rs: replace [38;5;13mpath_is_signed[0m [35m-> bool[0m with [33mtrue[0m
src/fnvalue.rs: replace [38;5;13mpath_is_signed[0m [35m-> bool[0m with [33mfalse[0m
src/fnvalue.rs: replace [38;5;13mpath_is_nonzero_signed[0m [35m-> bool[0m with [33mtrue[0m
src/fnvalue.rs: replace [38;5;13mpath_is_nonzero_signed[0m [35m-> bool[0m with [33mfalse[0m
src/fnvalue.rs: replace [38;5;13mpath_is_nonzero_unsigned[0m [35m-> bool[0m with [33mtrue[0m
src/fnvalue.rs: replace [38;5;13mpath_is_nonzero_unsigned[0m [35m-> bool[0m with [33mfalse[0m
src/fnvalue.rs: replace [38;5;13mmatch_first_type_arg[0m [35m-> Option<&'p Type>[0m with [33mNone[0m
src/fnvalue.rs: replace [38;5;13mmatch_first_type_arg[0m [35m-> Option<&'p Type>[0m with [33mSome(&Default::default())[0m
src/fnvalue.rs: replace [33m==[0m with [38;5;11m!=[0m in [38;5;13mmatch_first_type_arg[0m
src/in_diff.rs: replace [38;5;13mdiff_filter[0m [35m-> Result<Vec<Mutant>>[0m with [33mOk(vec![])[0m
src/in_diff.rs: replace [38;5;13mdiff_filter[0m [35m-> Result<Vec<Mutant>>[0m with [33mOk(vec![Default::default()])[0m
src/in_diff.rs: replace [38;5;13mdiff_filter[0m [35m-> Result<Vec<Mutant>>[0m with [33mErr(::anyhow::anyhow!("mutated!"))[0m
src/in_diff.rs: replace [33m==[0m with [38;5;11m!=[0m in [38;5;13mdiff_filter[0m
src/in_diff.rs: replace [38;5;13mcheck_diff_new_text_matches[0m [35m-> Result<()>[0m with [33mOk(())[0m
src/in_diff.rs: replace [38;5;13mcheck_diff_new_text_matches[0m [35m-> Result<()>[0m with [33mErr(::anyhow::anyhow!("mutated!"))[0m
src/in_diff.rs: replace [33m-[0m with [38;5;11m+[0m in [38;5;13mcheck_diff_new_text_matches[0m
src/in_diff.rs: replace [33m-[0m with [38;5;11m/[0m in [38;5;13mcheck_diff_new_text_matches[0m
src/in_diff.rs: replace [33m!=[0m with [38;5;11m==[0m in [38;5;13mcheck_diff_new_text_matches[0m
src/in_diff.rs: replace [38;5;13mstrip_patch_path[0m [35m-> &Utf8Path[0m with [33m&Default::default()[0m
src/in_diff.rs: replace [38;5;13maffected_lines[0m [35m-> Vec<usize>[0m with [33mvec![][0m
src/in_diff.rs: replace [38;5;13maffected_lines[0m [35m-> Vec<usize>[0m with [33mvec![0][0m
src/in_diff.rs: replace [38;5;13maffected_lines[0m [35m-> Vec<usize>[0m with [33mvec![1][0m
src/in_diff.rs: replace [33m+=[0m with [38;5;11m-=[0m in [38;5;13maffected_lines[0m
src/in_diff.rs: replace [33m+=[0m with [38;5;11m*=[0m in [38;5;13maffected_lines[0m
src/in_diff.rs: replace [33m<[0m with [38;5;11m==[0m in [38;5;13maffected_lines[0m
src/in_diff.rs: replace [33m<[0m with [38;5;11m>[0m in [38;5;13maffected_lines[0m
src/in_diff.rs: replace [33m+=[0m with [38;5;11m-=[0m in [38;5;13maffected_lines[0m
src/in_diff.rs: replace [33m+=[0m with [38;5;11m*=[0m in [38;5;13maffected_lines[0m
src/in_diff.rs: replace [33m&&[0m with [38;5;11m||[0m in [38;5;13maffected_lines[0m
src/in_diff.rs: replace [33m>[0m with [38;5;11m==[0m in [38;5;13maffected_lines[0m
src/in_diff.rs: replace [33m>[0m with [38;5;11m<[0m in [38;5;13maffected_lines[0m
src/in_diff.rs: replace [33m<[0m with [38;5;11m==[0m in [38;5;13maffected_lines[0m
src/in_diff.rs: replace [33m<[0m with [38;5;11m>[0m in [38;5;13maffected_lines[0m
src/in_diff.rs: replace [33m-[0m with [38;5;11m+[0m in [38;5;13maffected_lines[0m
src/in_diff.rs: replace [33m-[0m with [38;5;11m/[0m in [38;5;13maffected_lines[0m
src/in_diff.rs: replace [33m-[0m with [38;5;11m+[0m in [38;5;13maffected_lines[0m
src/in_diff.rs: replace [33m-[0m with [38;5;11m/[0m in [38;5;13maffected_lines[0m
src/in_diff.rs: replace [38;5;13mpartial_new_file[0m [35m-> Vec<(usize, &'d str)>[0m with [33mvec![][0m
src/in_diff.rs: replace [38;5;13mpartial_new_file[0m [35m-> Vec<(usize, &'d str)>[0m with [33mvec![(0, "")][0m
src/in_diff.rs: replace [38;5;13mpartial_new_file[0m [35m-> Vec<(usize, &'d str)>[0m with [33mvec![(0, "xyzzy")][0m
src/in_diff.rs: replace [38;5;13mpartial_new_file[0m [35m-> Vec<(usize, &'d str)>[0m with [33mvec![(1, "")][0m
src/in_diff.rs: replace [38;5;13mpartial_new_file[0m [35m-> Vec<(usize, &'d str)>[0m with [33mvec![(1, "xyzzy")][0m
src/in_diff.rs: replace [33m+=[0m with [38;5;11m-=[0m in [38;5;13mpartial_new_file[0m
src/in_diff.rs: replace [33m+=[0m with [38;5;11m*=[0m in [38;5;13mpartial_new_file[0m
src/interrupt.rs: replace [38;5;13minstall_handler[0m with [33m()[0m
src/lab.rs: replace [38;5;13mtest_mutants[0m [35m-> Result<LabOutcome>[0m with [33mOk(Default::default())[0m
src/lab.rs: replace [38;5;13mtest_mutants[0m [35m-> Result<LabOutcome>[0m with [33mErr(::anyhow::anyhow!("mutated!"))[0m
src/lab.rs: replace [33m-[0m with [38;5;11m+[0m in [38;5;13mtest_mutants[0m
src/lab.rs: replace [33m-[0m with [38;5;11m/[0m in [38;5;13mtest_mutants[0m
src/lab.rs: replace [33m==[0m with [38;5;11m!=[0m in [38;5;13mtest_mutants[0m
src/lab.rs: replace [33m==[0m with [38;5;11m!=[0m in [38;5;13mtest_mutants[0m
src/lab.rs: replace [38;5;13mtest_timeout[0m [35m-> Duration[0m with [33mDefault::default()[0m
src/lab.rs: replace [33m==[0m with [38;5;11m!=[0m in [38;5;13mtest_timeout[0m
src/lab.rs: replace [33m*[0m with [38;5;11m+[0m in [38;5;13mtest_timeout[0m
src/lab.rs: replace [33m*[0m with [38;5;11m/[0m in [38;5;13mtest_timeout[0m
src/lab.rs: replace [38;5;13mtest_scenario[0m [35m-> Result<ScenarioOutcome>[0m with [33mOk(Default::default())[0m
src/lab.rs: replace [38;5;13mtest_scenario[0m [35m-> Result<ScenarioOutcome>[0m with [33mErr(::anyhow::anyhow!("mutated!"))[0m
src/lab.rs: replace [33m+[0m with [38;5;11m-[0m in [38;5;13mtest_scenario[0m
src/lab.rs: replace [33m+[0m with [38;5;11m*[0m in [38;5;13mtest_scenario[0m
src/lab.rs: replace [33m+[0m with [38;5;11m-[0m in [38;5;13mtest_scenario[0m
src/lab.rs: replace [33m+[0m with [38;5;11m*[0m in [38;5;13mtest_scenario[0m
src/lab.rs: replace [33m+[0m with [38;5;11m-[0m in [38;5;13mtest_scenario[0m
src/lab.rs: replace [33m+[0m with [38;5;11m*[0m in [38;5;13mtest_scenario[0m
src/lab.rs: replace [33m+[0m with [38;5;11m-[0m in [38;5;13mtest_scenario[0m
src/lab.rs: replace [33m+[0m with [38;5;11m*[0m in [38;5;13mtest_scenario[0m
src/lab.rs: replace [33m||[0m with [38;5;11m&&[0m in [38;5;13mtest_scenario[0m
src/lab.rs: replace [33m&&[0m with [38;5;11m||[0m in [38;5;13mtest_scenario[0m
src/lab.rs: replace [33m==[0m with [38;5;11m!=[0m in [38;5;13mtest_scenario[0m
src/lab.rs: replace [33m+[0m with [38;5;11m-[0m in [38;5;13mtest_scenario[0m
src/lab.rs: replace [33m+[0m with [38;5;11m*[0m in [38;5;13mtest_scenario[0m
src/lab.rs: replace [33m+[0m with [38;5;11m-[0m in [38;5;13mtest_scenario[0m
src/lab.rs: replace [33m+[0m with [38;5;11m*[0m in [38;5;13mtest_scenario[0m
src/lab.rs: replace [33m+[0m with [38;5;11m-[0m in [38;5;13mtest_scenario[0m
src/lab.rs: replace [33m+[0m with [38;5;11m*[0m in [38;5;13mtest_scenario[0m
src/lab.rs: replace [33m+[0m with [38;5;11m-[0m in [38;5;13mtest_scenario[0m
src/lab.rs: replace [33m+[0m with [38;5;11m*[0m in [38;5;13mtest_scenario[0m
src/lab.rs: replace [33m||[0m with [38;5;11m&&[0m in [38;5;13mtest_scenario[0m
src/lab.rs: replace [33m&&[0m with [38;5;11m||[0m in [38;5;13mtest_scenario[0m
src/lab.rs: replace [33m==[0m with [38;5;11m!=[0m in [38;5;13mtest_scenario[0m
src/list.rs: replace [38;5;13m<impl Write for FmtToIoWrite<W>>::write_str[0m [35m-> Result<(), fmt::Error>[0m with [33mOk(())[0m
src/list.rs: replace [38;5;13m<impl Write for FmtToIoWrite<W>>::write_str[0m [35m-> Result<(), fmt::Error>[0m with [33mErr(::anyhow::anyhow!("mutated!"))[0m
src/list.rs: replace [38;5;13mlist_mutants[0m [35m-> Result<()>[0m with [33mOk(())[0m
src/list.rs: replace [38;5;13mlist_mutants[0m [35m-> Result<()>[0m with [33mErr(::anyhow::anyhow!("mutated!"))[0m
src/list.rs: replace [38;5;13mlist_files[0m [35m-> Result<()>[0m with [33mOk(())[0m
src/list.rs: replace [38;5;13mlist_files[0m [35m-> Result<()>[0m with [33mErr(::anyhow::anyhow!("mutated!"))[0m
src/log_file.rs: replace [38;5;13mLogFile::create_in[0m [35m-> Result<LogFile>[0m with [33mOk(Default::default())[0m
src/log_file.rs: replace [38;5;13mLogFile::create_in[0m [35m-> Result<LogFile>[0m with [33mErr(::anyhow::anyhow!("mutated!"))[0m
src/log_file.rs: replace [33m==[0m with [38;5;11m!=[0m in [38;5;13mLogFile::create_in[0m
src/log_file.rs: replace [33m==[0m with [38;5;11m!=[0m in [38;5;13mLogFile::create_in[0m
src/log_file.rs: replace [38;5;13mLogFile::open_append[0m [35m-> Result<File>[0m with [33mOk(Default::default())[0m
src/log_file.rs: replace [38;5;13mLogFile::open_append[0m [35m-> Result<File>[0m with [33mErr(::anyhow::anyhow!("mutated!"))[0m
src/log_file.rs: replace [38;5;13mLogFile::truncate[0m with [33m()[0m
src/log_file.rs: replace [38;5;13mLogFile::message[0m with [33m()[0m
src/log_file.rs: replace [38;5;13mLogFile::path[0m [35m-> &Utf8Path[0m with [33m&Default::default()[0m
src/log_file.rs: replace [38;5;13mclean_filename[0m [35m-> String[0m with [33mString::new()[0m
src/log_file.rs: replace [38;5;13mclean_filename[0m [35m-> String[0m with [33m"xyzzy".into()[0m
src/manifest.rs: replace [38;5;13mfix_manifest[0m [35m-> Result<()>[0m with [33mOk(())[0m
src/manifest.rs: replace [38;5;13mfix_manifest[0m [35m-> Result<()>[0m with [33mErr(::anyhow::anyhow!("mutated!"))[0m
src/manifest.rs: replace [38;5;13mfix_manifest_toml[0m [35m-> Result<Option<toml::Value>>[0m with [33mOk(None)[0m
src/manifest.rs: replace [38;5;13mfix_manifest_toml[0m [35m-> Result<Option<toml::Value>>[0m with [33mOk(Some(Default::default()))[0m
src/manifest.rs: replace [38;5;13mfix_manifest_toml[0m [35m-> Result<Option<toml::Value>>[0m with [33mErr(::anyhow::anyhow!("mutated!"))[0m
src/manifest.rs: replace [33m==[0m with [38;5;11m!=[0m in [38;5;13mfix_manifest_toml[0m
src/manifest.rs: replace [38;5;13mfix_dependency_table[0m with [33m()[0m
src/manifest.rs: replace [38;5;13mfix_cargo_config[0m [35m-> Result<()>[0m with [33mOk(())[0m
src/manifest.rs: replace [38;5;13mfix_cargo_config[0m [35m-> Result<()>[0m with [33mErr(::anyhow::anyhow!("mutated!"))[0m
src/manifest.rs: replace [38;5;13mfix_cargo_config_toml[0m [35m-> Result<Option<String>>[0m with [33mOk(None)[0m
src/manifest.rs: replace [38;5;13mfix_cargo_config_toml[0m [35m-> Result<Option<String>>[0m with [33mOk(Some(String::new()))[0m
src/manifest.rs: replace [38;5;13mfix_cargo_config_toml[0m [35m-> Result<Option<String>>[0m with [33mOk(Some("xyzzy".into()))[0m
src/manifest.rs: replace [38;5;13mfix_cargo_config_toml[0m [35m-> Result<Option<String>>[0m with [33mErr(::anyhow::anyhow!("mutated!"))[0m
src/manifest.rs: replace [38;5;13mfix_path[0m [35m-> Option<String>[0m with [33mNone[0m
src/manifest.rs: replace [38;5;13mfix_path[0m [35m-> Option<String>[0m with [33mSome(String::new())[0m
src/manifest.rs: replace [38;5;13mfix_path[0m [35m-> Option<String>[0m with [33mSome("xyzzy".into())[0m
src/manifest.rs: replace [33m||[0m with [38;5;11m&&[0m in [38;5;13mfix_path[0m
src/manifest.rs: replace [33m==[0m with [38;5;11m!=[0m in [38;5;13mfix_path[0m
src/mutate.rs: replace [38;5;13mMutant::mutated_code[0m [35m-> String[0m with [33mString::new()[0m
src/mutate.rs: replace [38;5;13mMutant::mutated_code[0m [35m-> String[0m with [33m"xyzzy".into()[0m
src/mutate.rs: replace [38;5;13mMutant::describe_change[0m [35m-> String[0m with [33mString::new()[0m
src/mutate.rs: replace [38;5;13mMutant::describe_change[0m [35m-> String[0m with [33m"xyzzy".into()[0m
src/mutate.rs: replace [38;5;13mMutant::name[0m [35m-> String[0m with [33mString::new()[0m
src/mutate.rs: replace [38;5;13mMutant::name[0m [35m-> String[0m with [33m"xyzzy".into()[0m
src/mutate.rs: replace [38;5;13mMutant::styled_parts[0m [35m-> Vec<StyledObject<String>>[0m with [33mvec![][0m
src/mutate.rs: replace [38;5;13mMutant::styled_parts[0m [35m-> Vec<StyledObject<String>>[0m with [33mvec![StyledObject::new()][0m
src/mutate.rs: replace [38;5;13mMutant::styled_parts[0m [35m-> Vec<StyledObject<String>>[0m with [33mvec![StyledObject::from_iter([String::new()])][0m
src/mutate.rs: replace [38;5;13mMutant::styled_parts[0m [35m-> Vec<StyledObject<String>>[0m with [33mvec![StyledObject::new(String::new())][0m
src/mutate.rs: replace [38;5;13mMutant::styled_parts[0m [35m-> Vec<StyledObject<String>>[0m with [33mvec![StyledObject::from(String::new())][0m
src/mutate.rs: replace [38;5;13mMutant::styled_parts[0m [35m-> Vec<StyledObject<String>>[0m with [33mvec![StyledObject::from_iter(["xyzzy".into()])][0m
src/mutate.rs: replace [38;5;13mMutant::styled_parts[0m [35m-> Vec<StyledObject<String>>[0m with [33mvec![StyledObject::new("xyzzy".into())][0m
src/mutate.rs: replace [38;5;13mMutant::styled_parts[0m [35m-> Vec<StyledObject<String>>[0m with [33mvec![StyledObject::from("xyzzy".into())][0m
src/mutate.rs: replace [38;5;13mMutant::styled_parts::s[0m [35m-> StyledObject<String>[0m with [33mStyledObject::new()[0m
src/mutate.rs: replace [38;5;13mMutant::styled_parts::s[0m [35m-> StyledObject<String>[0m with [33mStyledObject::from_iter([String::new()])[0m
src/mutate.rs: replace [38;5;13mMutant::styled_parts::s[0m [35m-> StyledObject<String>[0m with [33mStyledObject::new(String::new())[0m
src/mutate.rs: replace [38;5;13mMutant::styled_parts::s[0m [35m-> StyledObject<String>[0m with [33mStyledObject::from(String::new())[0m
src/mutate.rs: replace [38;5;13mMutant::styled_parts::s[0m [35m-> StyledObject<String>[0m with [33mStyledObject::from_iter(["xyzzy".into()])[0m
src/mutate.rs: replace [38;5;13mMutant::styled_parts::s[0m [35m-> StyledObject<String>[0m with [33mStyledObject::new("xyzzy".into())[0m
src/mutate.rs: replace [38;5;13mMutant::styled_parts::s[0m [35m-> StyledObject<String>[0m with [33mStyledObject::from("xyzzy".into())[0m
src/mutate.rs: replace [33m==[0m with [38;5;11m!=[0m in [38;5;13mMutant::styled_parts[0m
src/mutate.rs: replace [38;5;13mMutant::original_text[0m [35m-> String[0m with [33mString::new()[0m
src/mutate.rs: replace [38;5;13mMutant::original_text[0m [35m-> String[0m with [33m"xyzzy".into()[0m
src/mutate.rs: replace [38;5;13mMutant::replacement_text[0m [35m-> &str[0m with [33m""[0m
src/mutate.rs: replace [38;5;13mMutant::replacement_text[0m [35m-> &str[0m with [33m"xyzzy"[0m
src/mutate.rs: replace [38;5;13mMutant::package_name[0m [35m-> &str[0m with [33m""[0m
src/mutate.rs: replace [38;5;13mMutant::package_name[0m [35m-> &str[0m with [33m"xyzzy"[0m
src/mutate.rs: replace [38;5;13mMutant::package[0m [35m-> &Package[0m with [33m&Default::default()[0m
src/mutate.rs: replace [38;5;13mMutant::diff[0m [35m-> String[0m with [33mString::new()[0m
src/mutate.rs: replace [38;5;13mMutant::diff[0m [35m-> String[0m with [33m"xyzzy".into()[0m
src/mutate.rs: replace [38;5;13mMutant::apply[0m [35m-> Result<AppliedMutant>[0m with [33mOk(Default::default())[0m
src/mutate.rs: replace [38;5;13mMutant::apply[0m [35m-> Result<AppliedMutant>[0m with [33mErr(::anyhow::anyhow!("mutated!"))[0m
src/mutate.rs: replace [38;5;13mMutant::unapply[0m [35m-> Result<()>[0m with [33mOk(())[0m
src/mutate.rs: replace [38;5;13mMutant::unapply[0m [35m-> Result<()>[0m with [33mErr(::anyhow::anyhow!("mutated!"))[0m
src/mutate.rs: replace [38;5;13mMutant::write_in_dir[0m [35m-> Result<()>[0m with [33mOk(())[0m
src/mutate.rs: replace [38;5;13mMutant::write_in_dir[0m [35m-> Result<()>[0m with [33mErr(::anyhow::anyhow!("mutated!"))[0m
src/mutate.rs: replace [38;5;13mMutant::log_file_name_base[0m [35m-> String[0m with [33mString::new()[0m
src/mutate.rs: replace [38;5;13mMutant::log_file_name_base[0m [35m-> String[0m with [33m"xyzzy".into()[0m
src/mutate.rs: replace [38;5;13m<impl Debug for Mutant>::fmt[0m [35m-> fmt::Result[0m with [33mOk(Default::default())[0m
src/mutate.rs: replace [38;5;13m<impl Debug for Mutant>::fmt[0m [35m-> fmt::Result[0m with [33mErr(::anyhow::anyhow!("mutated!"))[0m
src/mutate.rs: replace [38;5;13m<impl Serialize for Mutant>::serialize[0m [35m-> Result<S::Ok, S::Error>[0m with [33mOk(Default::default())[0m
src/mutate.rs: replace [38;5;13m<impl Serialize for Mutant>::serialize[0m [35m-> Result<S::Ok, S::Error>[0m with [33mErr(::anyhow::anyhow!("mutated!"))[0m
src/mutate.rs: replace [38;5;13m<impl Drop for AppliedMutant<'_>>::drop[0m with [33m()[0m
src/options.rs: replace [38;5;13mjoin_slices[0m [35m-> Vec<String>[0m with [33mvec![][0m
src/options.rs: replace [38;5;13mjoin_slices[0m [35m-> Vec<String>[0m with [33mvec![String::new()][0m
src/options.rs: replace [38;5;13mjoin_slices[0m [35m-> Vec<String>[0m with [33mvec!["xyzzy".into()][0m
src/options.rs: replace [33m+[0m with [38;5;11m-[0m in [38;5;13mjoin_slices[0m
src/options.rs: replace [33m+[0m with [38;5;11m*[0m in [38;5;13mjoin_slices[0m
src/options.rs: replace [38;5;13mColors::forced_value[0m [35m-> Option<bool>[0m with [33mNone[0m
src/options.rs: replace [38;5;13mColors::forced_value[0m [35m-> Option<bool>[0m with [33mSome(true)[0m
src/options.rs: replace [38;5;13mColors::forced_value[0m [35m-> Option<bool>[0m with [33mSome(false)[0m
src/options.rs: replace [33m!=[0m with [38;5;11m==[0m in [38;5;13mColors::forced_value[0m
src/options.rs: replace [33m!=[0m with [38;5;11m==[0m in [38;5;13mColors::forced_value[0m
src/options.rs: replace [38;5;13mColors::active_stdout[0m [35m-> bool[0m with [33mtrue[0m
src/options.rs: replace [38;5;13mColors::active_stdout[0m [35m-> bool[0m with [33mfalse[0m
src/options.rs: replace [38;5;13mor_slices[0m [35m-> &'c[T][0m with [33mVec::leak(Vec::new())[0m
src/options.rs: replace [38;5;13mor_slices[0m [35m-> &'c[T][0m with [33mVec::leak(vec![Default::default()])[0m
src/options.rs: replace [38;5;13mbuild_glob_set[0m [35m-> Result<Option<GlobSet>>[0m with [33mOk(None)[0m
src/options.rs: replace [38;5;13mbuild_glob_set[0m [35m-> Result<Option<GlobSet>>[0m with [33mOk(Some(Default::default()))[0m
src/options.rs: replace [38;5;13mbuild_glob_set[0m [35m-> Result<Option<GlobSet>>[0m with [33mErr(::anyhow::anyhow!("mutated!"))[0m
src/options.rs: replace [33m||[0m with [38;5;11m&&[0m in [38;5;13mbuild_glob_set[0m
src/outcome.rs: replace [38;5;13mPhase::name[0m [35m-> Vec<&'static str>[0m with [33mvec![][0m
src/outcome.rs: replace [38;5;13mPhase::name[0m [35m-> Vec<&'static str>[0m with [33mvec![""][0m
src/outcome.rs: replace [38;5;13mPhase::name[0m [35m-> Vec<&'static str>[0m with [33mvec!["xyzzy"][0m
src/outcome.rs: replace [38;5;13mPhase::is_test_phase[0m [35m-> bool[0m with [33mtrue[0m
src/outcome.rs: replace [38;5;13mPhase::is_test_phase[0m [35m-> bool[0m with [33mfalse[0m
src/outcome.rs: replace [33m||[0m with [38;5;11m&&[0m in [38;5;13mPhase::is_test_phase[0m
src/outcome.rs: replace [33m||[0m with [38;5;11m&&[0m in [38;5;13mPhase::is_test_phase[0m
src/outcome.rs: replace [33m==[0m with [38;5;11m!=[0m in [38;5;13mPhase::is_test_phase[0m
src/outcome.rs: replace [33m==[0m with [38;5;11m!=[0m in [38;5;13mPhase::is_test_phase[0m
src/outcome.rs: replace [33m==[0m with [38;5;11m!=[0m in [38;5;13mPhase::is_test_phase[0m
src/outcome.rs: replace [38;5;13m<impl Display for Phase>::fmt[0m [35m-> fmt::Result[0m with [33mOk(Default::default())[0m
src/outcome.rs: replace [38;5;13m<impl Display for Phase>::fmt[0m [35m-> fmt::Result[0m with [33mErr(::anyhow::anyhow!("mutated!"))[0m
src/outcome.rs: replace [38;5;13mLabOutcome::add[0m with [33m()[0m
src/outcome.rs: replace [33m+=[0m with [38;5;11m-=[0m in [38;5;13mLabOutcome::add[0m
src/outcome.rs: replace [33m+=[0m with [38;5;11m*=[0m in [38;5;13mLabOutcome::add[0m
src/outcome.rs: replace [33m+=[0m with [38;5;11m-=[0m in [38;5;13mLabOutcome::add[0m
src/outcome.rs: replace [33m+=[0m with [38;5;11m*=[0m in [38;5;13mLabOutcome::add[0m
src/outcome.rs: replace [33m+=[0m with [38;5;11m-=[0m in [38;5;13mLabOutcome::add[0m
src/outcome.rs: replace [33m+=[0m with [38;5;11m*=[0m in [38;5;13mLabOutcome::add[0m
src/outcome.rs: replace [33m+=[0m with [38;5;11m-=[0m in [38;5;13mLabOutcome::add[0m
src/outcome.rs: replace [33m+=[0m with [38;5;11m*=[0m in [38;5;13mLabOutcome::add[0m
src/outcome.rs: replace [33m+=[0m with [38;5;11m-=[0m in [38;5;13mLabOutcome::add[0m
src/outcome.rs: replace [33m+=[0m with [38;5;11m*=[0m in [38;5;13mLabOutcome::add[0m
src/outcome.rs: replace [33m+=[0m with [38;5;11m-=[0m in [38;5;13mLabOutcome::add[0m
src/outcome.rs: replace [33m+=[0m with [38;5;11m*=[0m in [38;5;13mLabOutcome::add[0m
src/outcome.rs: replace [33m+=[0m with [38;5;11m-=[0m in [38;5;13mLabOutcome::add[0m
src/outcome.rs: replace [33m+=[0m with [38;5;11m*=[0m in [38;5;13mLabOutcome::add[0m
src/outcome.rs: replace [38;5;13mLabOutcome::exit_code[0m [35m-> i32[0m with [33m0[0m
src/outcome.rs: replace [38;5;13mLabOutcome::exit_code[0m [35m-> i32[0m with [33m1[0m
src/outcome.rs: replace [38;5;13mLabOutcome::exit_code[0m [35m-> i32[0m with [33m-1[0m
src/outcome.rs: replace [33m&&[0m with [38;5;11m||[0m in [38;5;13mLabOutcome::exit_code[0m
src/outcome.rs: replace [33m>[0m with [38;5;11m==[0m in [38;5;13mLabOutcome::exit_code[0m
src/outcome.rs: replace [33m>[0m with [38;5;11m<[0m in [38;5;13mLabOutcome::exit_code[0m
src/outcome.rs: replace [33m>[0m with [38;5;11m==[0m in [38;5;13mLabOutcome::exit_code[0m
src/outcome.rs: replace [33m>[0m with [38;5;11m<[0m in [38;5;13mLabOutcome::exit_code[0m
src/outcome.rs: replace [38;5;13mLabOutcome::summary_string[0m [35m-> String[0m with [33mString::new()[0m
src/outcome.rs: replace [38;5;13mLabOutcome::summary_string[0m [35m-> String[0m with [33m"xyzzy".into()[0m
src/outcome.rs: replace [33m>[0m with [38;5;11m==[0m in [38;5;13mLabOutcome::summary_string[0m
src/outcome.rs: replace [33m>[0m with [38;5;11m<[0m in [38;5;13mLabOutcome::summary_string[0m
src/outcome.rs: replace [33m>[0m with [38;5;11m==[0m in [38;5;13mLabOutcome::summary_string[0m
src/outcome.rs: replace [33m>[0m with [38;5;11m<[0m in [38;5;13mLabOutcome::summary_string[0m
src/outcome.rs: replace [33m>[0m with [38;5;11m==[0m in [38;5;13mLabOutcome::summary_string[0m
src/outcome.rs: replace [33m>[0m with [38;5;11m<[0m in [38;5;13mLabOutcome::summary_string[0m
src/outcome.rs: replace [33m>[0m with [38;5;11m==[0m in [38;5;13mLabOutcome::summary_string[0m
src/outcome.rs: replace [33m>[0m with [38;5;11m<[0m in [38;5;13mLabOutcome::summary_string[0m
src/outcome.rs: replace [33m>[0m with [38;5;11m==[0m in [38;5;13mLabOutcome::summary_string[0m
src/outcome.rs: replace [33m>[0m with [38;5;11m<[0m in [38;5;13mLabOutcome::summary_string[0m
src/outcome.rs: replace [33m>[0m with [38;5;11m==[0m in [38;5;13mLabOutcome::summary_string[0m
src/outcome.rs: replace [33m>[0m with [38;5;11m<[0m in [38;5;13mLabOutcome::summary_string[0m
src/outcome.rs: replace [38;5;13m<impl Serialize for ScenarioOutcome>::serialize[0m [35m-> Result<S::Ok, S::Error>[0m with [33mOk(Default::default())[0m
src/outcome.rs: replace [38;5;13m<impl Serialize for ScenarioOutcome>::serialize[0m [35m-> Result<S::Ok, S::Error>[0m with [33mErr(::anyhow::anyhow!("mutated!"))[0m
src/outcome.rs: replace [38;5;13mScenarioOutcome::add_phase_result[0m with [33m()[0m
src/outcome.rs: replace [38;5;13mScenarioOutcome::get_log_content[0m [35m-> Result<String>[0m with [33mOk(String::new())[0m
src/outcome.rs: replace [38;5;13mScenarioOutcome::get_log_content[0m [35m-> Result<String>[0m with [33mOk("xyzzy".into())[0m
src/outcome.rs: replace [38;5;13mScenarioOutcome::get_log_content[0m [35m-> Result<String>[0m with [33mErr(::anyhow::anyhow!("mutated!"))[0m
src/outcome.rs: replace [38;5;13mScenarioOutcome::last_phase[0m [35m-> Phase[0m with [33mDefault::default()[0m
src/outcome.rs: replace [38;5;13mScenarioOutcome::last_phase_result[0m [35m-> ProcessStatus[0m with [33mDefault::default()[0m
src/outcome.rs: replace [38;5;13mScenarioOutcome::phase_results[0m [35m-> &[PhaseResult][0m with [33mVec::leak(Vec::new())[0m
src/outcome.rs: replace [38;5;13mScenarioOutcome::phase_results[0m [35m-> &[PhaseResult][0m with [33mVec::leak(vec![Default::default()])[0m
src/outcome.rs: replace [38;5;13mScenarioOutcome::test_phase_duration[0m [35m-> Duration[0m with [33mDefault::default()[0m
src/outcome.rs: replace [38;5;13mScenarioOutcome::should_show_logs[0m [35m-> bool[0m with [33mtrue[0m
src/outcome.rs: replace [38;5;13mScenarioOutcome::should_show_logs[0m [35m-> bool[0m with [33mfalse[0m
src/outcome.rs: replace [33m&&[0m with [38;5;11m||[0m in [38;5;13mScenarioOutcome::should_show_logs[0m
src/outcome.rs: replace [38;5;13mScenarioOutcome::success[0m [35m-> bool[0m with [33mtrue[0m
src/outcome.rs: replace [38;5;13mScenarioOutcome::success[0m [35m-> bool[0m with [33mfalse[0m
src/outcome.rs: replace [38;5;13mScenarioOutcome::has_timeout[0m [35m-> bool[0m with [33mtrue[0m
src/outcome.rs: replace [38;5;13mScenarioOutcome::has_timeout[0m [35m-> bool[0m with [33mfalse[0m
src/outcome.rs: replace [38;5;13mScenarioOutcome::check_or_build_failed[0m [35m-> bool[0m with [33mtrue[0m
src/outcome.rs: replace [38;5;13mScenarioOutcome::check_or_build_failed[0m [35m-> bool[0m with [33mfalse[0m
src/outcome.rs: replace [33m&&[0m with [38;5;11m||[0m in [38;5;13mScenarioOutcome::check_or_build_failed[0m
src/outcome.rs: replace [33m==[0m with [38;5;11m!=[0m in [38;5;13mScenarioOutcome::check_or_build_failed[0m
src/outcome.rs: replace [38;5;13mScenarioOutcome::mutant_caught[0m [35m-> bool[0m with [33mtrue[0m
src/outcome.rs: replace [38;5;13mScenarioOutcome::mutant_caught[0m [35m-> bool[0m with [33mfalse[0m
src/outcome.rs: replace [33m&&[0m with [38;5;11m||[0m in [38;5;13mScenarioOutcome::mutant_caught[0m
src/outcome.rs: replace [33m&&[0m with [38;5;11m||[0m in [38;5;13mScenarioOutcome::mutant_caught[0m
src/outcome.rs: replace [33m==[0m with [38;5;11m!=[0m in [38;5;13mScenarioOutcome::mutant_caught[0m
src/outcome.rs: replace [38;5;13mScenarioOutcome::mutant_missed[0m [35m-> bool[0m with [33mtrue[0m
src/outcome.rs: replace [38;5;13mScenarioOutcome::mutant_missed[0m [35m-> bool[0m with [33mfalse[0m
src/outcome.rs: replace [33m&&[0m with [38;5;11m||[0m in [38;5;13mScenarioOutcome::mutant_missed[0m
src/outcome.rs: replace [33m&&[0m with [38;5;11m||[0m in [38;5;13mScenarioOutcome::mutant_missed[0m
src/outcome.rs: replace [38;5;13mScenarioOutcome::summary[0m [35m-> SummaryOutcome[0m with [33mDefault::default()[0m
src/outcome.rs: replace [38;5;13mPhaseResult::is_success[0m [35m-> bool[0m with [33mtrue[0m
src/outcome.rs: replace [38;5;13mPhaseResult::is_success[0m [35m-> bool[0m with [33mfalse[0m
src/outcome.rs: replace [38;5;13m<impl Serialize for PhaseResult>::serialize[0m [35m-> Result<S::Ok, S::Error>[0m with [33mOk(Default::default())[0m
src/outcome.rs: replace [38;5;13m<impl Serialize for PhaseResult>::serialize[0m [35m-> Result<S::Ok, S::Error>[0m with [33mErr(::anyhow::anyhow!("mutated!"))[0m
src/output.rs: replace [38;5;13mLockFile::acquire_lock[0m [35m-> Result<File>[0m with [33mOk(Default::default())[0m
src/output.rs: replace [38;5;13mLockFile::acquire_lock[0m [35m-> Result<File>[0m with [33mErr(::anyhow::anyhow!("mutated!"))[0m
src/output.rs: replace [33m==[0m with [38;5;11m!=[0m in [38;5;13mLockFile::acquire_lock[0m
src/output.rs: replace [38;5;13mOutputDir::create_log[0m [35m-> Result<LogFile>[0m with [33mOk(Default::default())[0m
src/output.rs: replace [38;5;13mOutputDir::create_log[0m [35m-> Result<LogFile>[0m with [33mErr(::anyhow::anyhow!("mutated!"))[0m
src/output.rs: replace [38;5;13mOutputDir::path[0m [35m-> &Utf8Path[0m with [33m&Default::default()[0m
src/output.rs: replace [38;5;13mOutputDir::write_lab_outcome[0m [35m-> Result<()>[0m with [33mOk(())[0m
src/output.rs: replace [38;5;13mOutputDir::write_lab_outcome[0m [35m-> Result<()>[0m with [33mErr(::anyhow::anyhow!("mutated!"))[0m
src/output.rs: replace [38;5;13mOutputDir::add_scenario_outcome[0m [35m-> Result<()>[0m with [33mOk(())[0m
src/output.rs: replace [38;5;13mOutputDir::add_scenario_outcome[0m [35m-> Result<()>[0m with [33mErr(::anyhow::anyhow!("mutated!"))[0m
src/output.rs: replace [38;5;13mOutputDir::open_debug_log[0m [35m-> Result<File>[0m with [33mOk(Default::default())[0m
src/output.rs: replace [38;5;13mOutputDir::open_debug_log[0m [35m-> Result<File>[0m with [33mErr(::anyhow::anyhow!("mutated!"))[0m
src/output.rs: replace [38;5;13mOutputDir::write_mutants_list[0m [35m-> Result<()>[0m with [33mOk(())[0m
src/output.rs: replace [38;5;13mOutputDir::write_mutants_list[0m [35m-> Result<()>[0m with [33mErr(::anyhow::anyhow!("mutated!"))[0m
src/output.rs: replace [38;5;13mOutputDir::take_lab_outcome[0m [35m-> LabOutcome[0m with [33mDefault::default()[0m
src/path.rs: replace [38;5;13mascent[0m [35m-> isize[0m with [33m0[0m
src/path.rs: replace [38;5;13mascent[0m [35m-> isize[0m with [33m1[0m
src/path.rs: replace [38;5;13mascent[0m [35m-> isize[0m with [33m-1[0m
src/path.rs: replace [33m==[0m with [38;5;11m!=[0m in [38;5;13mascent[0m
src/path.rs: replace [33m+=[0m with [38;5;11m-=[0m in [38;5;13mascent[0m
src/path.rs: replace [33m+=[0m with [38;5;11m*=[0m in [38;5;13mascent[0m
src/path.rs: replace [33m!=[0m with [38;5;11m==[0m in [38;5;13mascent[0m
src/path.rs: replace [33m-=[0m with [38;5;11m+=[0m in [38;5;13mascent[0m
src/path.rs: replace [33m-=[0m with [38;5;11m/=[0m in [38;5;13mascent[0m
src/path.rs: replace [33m>[0m with [38;5;11m==[0m in [38;5;13mascent[0m
src/path.rs: replace [33m>[0m with [38;5;11m<[0m in [38;5;13mascent[0m
src/path.rs: replace [38;5;13m<impl Utf8PathSlashes for Utf8Path>::to_slash_path[0m [35m-> String[0m with [33mString::new()[0m
src/path.rs: replace [38;5;13m<impl Utf8PathSlashes for Utf8Path>::to_slash_path[0m [35m-> String[0m with [33m"xyzzy".into()[0m
src/path.rs: replace [33m||[0m with [38;5;11m&&[0m in [38;5;13m<impl Utf8PathSlashes for Utf8Path>::to_slash_path[0m
src/path.rs: replace [33m==[0m with [38;5;11m!=[0m in [38;5;13m<impl Utf8PathSlashes for Utf8Path>::to_slash_path[0m
src/path.rs: replace [33m==[0m with [38;5;11m!=[0m in [38;5;13m<impl Utf8PathSlashes for Utf8Path>::to_slash_path[0m
src/pretty.rs: replace [38;5;13m<impl ToPrettyString for T>::to_pretty_string[0m [35m-> String[0m with [33mString::new()[0m
src/pretty.rs: replace [38;5;13m<impl ToPrettyString for T>::to_pretty_string[0m [35m-> String[0m with [33m"xyzzy".into()[0m
src/pretty.rs: replace [33m&&[0m with [38;5;11m||[0m in [38;5;13m<impl ToPrettyString for T>::to_pretty_string[0m
src/pretty.rs: replace [33m||[0m with [38;5;11m&&[0m in [38;5;13m<impl ToPrettyString for T>::to_pretty_string[0m
src/pretty.rs: replace [33m||[0m with [38;5;11m&&[0m in [38;5;13m<impl ToPrettyString for T>::to_pretty_string[0m
src/pretty.rs: replace [33m==[0m with [38;5;11m!=[0m in [38;5;13m<impl ToPrettyString for T>::to_pretty_string[0m
src/pretty.rs: replace [33m==[0m with [38;5;11m!=[0m in [38;5;13m<impl ToPrettyString for T>::to_pretty_string[0m
src/pretty.rs: replace [33m||[0m with [38;5;11m&&[0m in [38;5;13m<impl ToPrettyString for T>::to_pretty_string[0m
src/pretty.rs: replace [33m+=[0m with [38;5;11m-=[0m in [38;5;13m<impl ToPrettyString for T>::to_pretty_string[0m
src/pretty.rs: replace [33m+=[0m with [38;5;11m*=[0m in [38;5;13m<impl ToPrettyString for T>::to_pretty_string[0m
src/process.rs: replace [38;5;13mProcess::run[0m [35m-> Result<ProcessStatus>[0m with [33mOk(Default::default())[0m
src/process.rs: replace [38;5;13mProcess::run[0m [35m-> Result<ProcessStatus>[0m with [33mErr(::anyhow::anyhow!("mutated!"))[0m
src/process.rs: replace [38;5;13mProcess::start[0m [35m-> Result<Process>[0m with [33mOk(Default::default())[0m
src/process.rs: replace [38;5;13mProcess::start[0m [35m-> Result<Process>[0m with [33mErr(::anyhow::anyhow!("mutated!"))[0m
src/process.rs: replace [38;5;13mProcess::terminate[0m [35m-> Result<()>[0m with [33mOk(())[0m
src/process.rs: replace [38;5;13mProcess::terminate[0m [35m-> Result<()>[0m with [33mErr(::anyhow::anyhow!("mutated!"))[0m
src/process.rs: replace [38;5;13mterminate_child_impl[0m [35m-> Result<()>[0m with [33mOk(())[0m
src/process.rs: replace [38;5;13mterminate_child_impl[0m [35m-> Result<()>[0m with [33mErr(::anyhow::anyhow!("mutated!"))[0m
src/process.rs: replace [33m!=[0m with [38;5;11m==[0m in [38;5;13mterminate_child_impl[0m
src/process.rs: replace [38;5;13mProcessStatus::success[0m [35m-> bool[0m with [33mtrue[0m
src/process.rs: replace [38;5;13mProcessStatus::success[0m [35m-> bool[0m with [33mfalse[0m
src/process.rs: replace [33m==[0m with [38;5;11m!=[0m in [38;5;13mProcessStatus::success[0m
src/process.rs: replace [38;5;13mProcessStatus::timeout[0m [35m-> bool[0m with [33mtrue[0m
src/process.rs: replace [38;5;13mProcessStatus::timeout[0m [35m-> bool[0m with [33mfalse[0m
src/process.rs: replace [33m==[0m with [38;5;11m!=[0m in [38;5;13mProcessStatus::timeout[0m
src/process.rs: replace [38;5;13msetpgid_on_unix[0m [35m-> PopenConfig[0m with [33mDefault::default()[0m
src/process.rs: replace [38;5;13mget_command_output[0m [35m-> Result<String>[0m with [33mOk(String::new())[0m
src/process.rs: replace [38;5;13mget_command_output[0m [35m-> Result<String>[0m with [33mOk("xyzzy".into())[0m
src/process.rs: replace [38;5;13mget_command_output[0m [35m-> Result<String>[0m with [33mErr(::anyhow::anyhow!("mutated!"))[0m
src/process.rs: replace [38;5;13mcheap_shell_quote[0m [35m-> String[0m with [33mString::new()[0m
src/process.rs: replace [38;5;13mcheap_shell_quote[0m [35m-> String[0m with [33m"xyzzy".into()[0m
src/scenario.rs: replace [38;5;13m<impl Display for Scenario>::fmt[0m [35m-> fmt::Result[0m with [33mOk(Default::default())[0m
src/scenario.rs: replace [38;5;13m<impl Display for Scenario>::fmt[0m [35m-> fmt::Result[0m with [33mErr(::anyhow::anyhow!("mutated!"))[0m
src/scenario.rs: replace [38;5;13mScenario::is_mutant[0m [35m-> bool[0m with [33mtrue[0m
src/scenario.rs: replace [38;5;13mScenario::is_mutant[0m [35m-> bool[0m with [33mfalse[0m
src/scenario.rs: replace [38;5;13mScenario::mutant[0m [35m-> Option<&Mutant>[0m with [33mNone[0m
src/scenario.rs: replace [38;5;13mScenario::mutant[0m [35m-> Option<&Mutant>[0m with [33mSome(&Default::default())[0m
src/scenario.rs: replace [38;5;13mScenario::log_file_name_base[0m [35m-> String[0m with [33mString::new()[0m
src/scenario.rs: replace [38;5;13mScenario::log_file_name_base[0m [35m-> String[0m with [33m"xyzzy".into()[0m
src/shard.rs: replace [38;5;13mShard::select[0m [35m-> Vec<M>[0m with [33mvec![][0m
src/shard.rs: replace [38;5;13mShard::select[0m [35m-> Vec<M>[0m with [33mvec![Default::default()][0m
src/shard.rs: replace [33m==[0m with [38;5;11m!=[0m in [38;5;13mShard::select[0m
src/shard.rs: replace [33m%[0m with [38;5;11m/[0m in [38;5;13mShard::select[0m
src/shard.rs: replace [33m%[0m with [38;5;11m+[0m in [38;5;13mShard::select[0m
src/shard.rs: replace [38;5;13m<impl FromStr for Shard>::from_str[0m [35m-> Result<Self, Self::Err>[0m with [33mOk(Default::default())[0m
src/shard.rs: replace [38;5;13m<impl FromStr for Shard>::from_str[0m [35m-> Result<Self, Self::Err>[0m with [33mErr(::anyhow::anyhow!("mutated!"))[0m
src/source.rs: replace [38;5;13mSourceFile::tree_relative_slashes[0m [35m-> String[0m with [33mString::new()[0m
src/source.rs: replace [38;5;13mSourceFile::tree_relative_slashes[0m [35m-> String[0m with [33m"xyzzy".into()[0m
src/source.rs: replace [38;5;13mSourceFile::path[0m [35m-> &Utf8Path[0m with [33m&Default::default()[0m
src/source.rs: replace [38;5;13mSourceFile::code[0m [35m-> &str[0m with [33m""[0m
src/source.rs: replace [38;5;13mSourceFile::code[0m [35m-> &str[0m with [33m"xyzzy"[0m
src/span.rs: replace [38;5;13m<impl From for LineColumn>::from[0m [35m-> Self[0m with [33mDefault::default()[0m
src/span.rs: replace [33m+[0m with [38;5;11m-[0m in [38;5;13m<impl From for LineColumn>::from[0m
src/span.rs: replace [33m+[0m with [38;5;11m*[0m in [38;5;13m<impl From for LineColumn>::from[0m
src/span.rs: replace [38;5;13m<impl Debug for LineColumn>::fmt[0m [35m-> fmt::Result[0m with [33mOk(Default::default())[0m
src/span.rs: replace [38;5;13m<impl Debug for LineColumn>::fmt[0m [35m-> fmt::Result[0m with [33mErr(::anyhow::anyhow!("mutated!"))[0m
src/span.rs: replace [38;5;13mSpan::quad[0m [35m-> Self[0m with [33mDefault::default()[0m
src/span.rs: replace [38;5;13mSpan::extract[0m [35m-> String[0m with [33mString::new()[0m
src/span.rs: replace [38;5;13mSpan::extract[0m [35m-> String[0m with [33m"xyzzy".into()[0m
src/span.rs: replace [33m&&[0m with [38;5;11m||[0m in [38;5;13mSpan::extract[0m
src/span.rs: replace [33m||[0m with [38;5;11m&&[0m in [38;5;13mSpan::extract[0m
src/span.rs: replace [33m&&[0m with [38;5;11m||[0m in [38;5;13mSpan::extract[0m
src/span.rs: replace [33m==[0m with [38;5;11m!=[0m in [38;5;13mSpan::extract[0m
src/span.rs: replace [33m>=[0m with [38;5;11m<[0m in [38;5;13mSpan::extract[0m
src/span.rs: replace [33m>[0m with [38;5;11m==[0m in [38;5;13mSpan::extract[0m
src/span.rs: replace [33m>[0m with [38;5;11m<[0m in [38;5;13mSpan::extract[0m
src/span.rs: replace [33m||[0m with [38;5;11m&&[0m in [38;5;13mSpan::extract[0m
src/span.rs: replace [33m<[0m with [38;5;11m==[0m in [38;5;13mSpan::extract[0m
src/span.rs: replace [33m<[0m with [38;5;11m>[0m in [38;5;13mSpan::extract[0m
src/span.rs: replace [33m&&[0m with [38;5;11m||[0m in [38;5;13mSpan::extract[0m
src/span.rs: replace [33m==[0m with [38;5;11m!=[0m in [38;5;13mSpan::extract[0m
src/span.rs: replace [33m<[0m with [38;5;11m==[0m in [38;5;13mSpan::extract[0m
src/span.rs: replace [33m<[0m with [38;5;11m>[0m in [38;5;13mSpan::extract[0m
src/span.rs: replace [33m==[0m with [38;5;11m!=[0m in [38;5;13mSpan::extract[0m
src/span.rs: replace [33m+=[0m with [38;5;11m-=[0m in [38;5;13mSpan::extract[0m
src/span.rs: replace [33m+=[0m with [38;5;11m*=[0m in [38;5;13mSpan::extract[0m
src/span.rs: replace [33m>[0m with [38;5;11m==[0m in [38;5;13mSpan::extract[0m
src/span.rs: replace [33m>[0m with [38;5;11m<[0m in [38;5;13mSpan::extract[0m
src/span.rs: replace [33m==[0m with [38;5;11m!=[0m in [38;5;13mSpan::extract[0m
src/span.rs: replace [33m+=[0m with [38;5;11m-=[0m in [38;5;13mSpan::extract[0m
src/span.rs: replace [33m+=[0m with [38;5;11m*=[0m in [38;5;13mSpan::extract[0m
src/span.rs: replace [33m&&[0m with [38;5;11m||[0m in [38;5;13mSpan::extract[0m
src/span.rs: replace [33m==[0m with [38;5;11m!=[0m in [38;5;13mSpan::extract[0m
src/span.rs: replace [33m>=[0m with [38;5;11m<[0m in [38;5;13mSpan::extract[0m
src/span.rs: replace [38;5;13mSpan::replace[0m [35m-> String[0m with [33mString::new()[0m
src/span.rs: replace [38;5;13mSpan::replace[0m [35m-> String[0m with [33m"xyzzy".into()[0m
src/span.rs: replace [33m+[0m with [38;5;11m-[0m in [38;5;13mSpan::replace[0m
src/span.rs: replace [33m+[0m with [38;5;11m*[0m in [38;5;13mSpan::replace[0m
src/span.rs: replace [33m&&[0m with [38;5;11m||[0m in [38;5;13mSpan::replace[0m
src/span.rs: replace [33m==[0m with [38;5;11m!=[0m in [38;5;13mSpan::replace[0m
src/span.rs: replace [33m==[0m with [38;5;11m!=[0m in [38;5;13mSpan::replace[0m
src/span.rs: replace [33m||[0m with [38;5;11m&&[0m in [38;5;13mSpan::replace[0m
src/span.rs: replace [33m||[0m with [38;5;11m&&[0m in [38;5;13mSpan::replace[0m
src/span.rs: replace [33m||[0m with [38;5;11m&&[0m in [38;5;13mSpan::replace[0m
src/span.rs: replace [33m<[0m with [38;5;11m==[0m in [38;5;13mSpan::replace[0m
src/span.rs: replace [33m<[0m with [38;5;11m>[0m in [38;5;13mSpan::replace[0m
src/span.rs: replace [33m>[0m with [38;5;11m==[0m in [38;5;13mSpan::replace[0m
src/span.rs: replace [33m>[0m with [38;5;11m<[0m in [38;5;13mSpan::replace[0m
src/span.rs: replace [33m&&[0m with [38;5;11m||[0m in [38;5;13mSpan::replace[0m
src/span.rs: replace [33m==[0m with [38;5;11m!=[0m in [38;5;13mSpan::replace[0m
src/span.rs: replace [33m<[0m with [38;5;11m==[0m in [38;5;13mSpan::replace[0m
src/span.rs: replace [33m<[0m with [38;5;11m>[0m in [38;5;13mSpan::replace[0m
src/span.rs: replace [33m&&[0m with [38;5;11m||[0m in [38;5;13mSpan::replace[0m
src/span.rs: replace [33m==[0m with [38;5;11m!=[0m in [38;5;13mSpan::replace[0m
src/span.rs: replace [33m>=[0m with [38;5;11m<[0m in [38;5;13mSpan::replace[0m
src/span.rs: replace [33m==[0m with [38;5;11m!=[0m in [38;5;13mSpan::replace[0m
src/span.rs: replace [33m+=[0m with [38;5;11m-=[0m in [38;5;13mSpan::replace[0m
src/span.rs: replace [33m+=[0m with [38;5;11m*=[0m in [38;5;13mSpan::replace[0m
src/span.rs: replace [33m==[0m with [38;5;11m!=[0m in [38;5;13mSpan::replace[0m
src/span.rs: replace [33m+=[0m with [38;5;11m-=[0m in [38;5;13mSpan::replace[0m
src/span.rs: replace [33m+=[0m with [38;5;11m*=[0m in [38;5;13mSpan::replace[0m
src/span.rs: replace [33m&&[0m with [38;5;11m||[0m in [38;5;13mSpan::replace[0m
src/span.rs: replace [33m==[0m with [38;5;11m!=[0m in [38;5;13mSpan::replace[0m
src/span.rs: replace [33m==[0m with [38;5;11m!=[0m in [38;5;13mSpan::replace[0m
src/span.rs: replace [38;5;13m<impl From for Span>::from[0m [35m-> Self[0m with [33mDefault::default()[0m
src/span.rs: replace [38;5;13m<impl From for Span>::from[0m [35m-> Self[0m with [33mDefault::default()[0m
src/span.rs: replace [38;5;13m<impl From for Span>::from[0m [35m-> Self[0m with [33mDefault::default()[0m
src/span.rs: replace [38;5;13m<impl Debug for Span>::fmt[0m [35m-> fmt::Result[0m with [33mOk(Default::default())[0m
src/span.rs: replace [38;5;13m<impl Debug for Span>::fmt[0m [35m-> fmt::Result[0m with [33mErr(::anyhow::anyhow!("mutated!"))[0m
src/tail_file.rs: replace [38;5;13mTailFile::last_line[0m [35m-> Result<&str>[0m with [33mOk("")[0m
src/tail_file.rs: replace [38;5;13mTailFile::last_line[0m [35m-> Result<&str>[0m with [33mOk("xyzzy")[0m
src/tail_file.rs: replace [38;5;13mTailFile::last_line[0m [35m-> Result<&str>[0m with [33mErr(::anyhow::anyhow!("mutated!"))[0m
src/tail_file.rs: replace [33m>[0m with [38;5;11m==[0m in [38;5;13mTailFile::last_line[0m
src/tail_file.rs: replace [33m>[0m with [38;5;11m<[0m in [38;5;13mTailFile::last_line[0m
src/visit.rs: replace [38;5;13mwalk_tree[0m [35m-> Result<Discovered>[0m with [33mOk(Default::default())[0m
src/visit.rs: replace [38;5;13mwalk_tree[0m [35m-> Result<Discovered>[0m with [33mErr(::anyhow::anyhow!("mutated!"))[0m
src/visit.rs: replace [33m&&[0m with [38;5;11m||[0m in [38;5;13mwalk_tree[0m
src/visit.rs: replace [33m||[0m with [38;5;11m&&[0m in [38;5;13mwalk_tree[0m
src/visit.rs: replace [33m||[0m with [38;5;11m&&[0m in [38;5;13mwalk_tree[0m
src/visit.rs: replace [38;5;13mwalk_file[0m [35m-> Result<(Vec<Mutant>, Vec<String>)>[0m with [33mOk((vec![], vec![]))[0m
src/visit.rs: replace [38;5;13mwalk_file[0m [35m-> Result<(Vec<Mutant>, Vec<String>)>[0m with [33mOk((vec![], vec![String::new()]))[0m
src/visit.rs: replace [38;5;13mwalk_file[0m [35m-> Result<(Vec<Mutant>, Vec<String>)>[0m with [33mOk((vec![], vec!["xyzzy".into()]))[0m
src/visit.rs: replace [38;5;13mwalk_file[0m [35m-> Result<(Vec<Mutant>, Vec<String>)>[0m with [33mOk((vec![Default::default()], vec![]))[0m
src/visit.rs: replace [38;5;13mwalk_file[0m [35m-> Result<(Vec<Mutant>, Vec<String>)>[0m with [33mOk((vec![Default::default()], vec![String::new()]))[0m
src/visit.rs: replace [38;5;13mwalk_file[0m [35m-> Result<(Vec<Mutant>, Vec<String>)>[0m with [33mOk((vec![Default::default()], vec!["xyzzy".into()]))[0m
src/visit.rs: replace [38;5;13mwalk_file[0m [35m-> Result<(Vec<Mutant>, Vec<String>)>[0m with [33mErr(::anyhow::anyhow!("mutated!"))[0m
src/visit.rs: replace [38;5;13mDiscoveryVisitor<'o>::enter_function[0m [35m-> Arc<Function>[0m with [33mArc::new(Default::default())[0m
src/visit.rs: replace [38;5;13mDiscoveryVisitor<'o>::leave_function[0m with [33m()[0m
src/visit.rs: replace [38;5;13mDiscoveryVisitor<'o>::collect_mutant[0m with [33m()[0m
src/visit.rs: replace [38;5;13mDiscoveryVisitor<'o>::collect_fn_mutants[0m with [33m()[0m
src/visit.rs: replace [33m==[0m with [38;5;11m!=[0m in [38;5;13mDiscoveryVisitor<'o>::collect_fn_mutants[0m
src/visit.rs: replace [38;5;13mDiscoveryVisitor<'o>::in_namespace[0m [35m-> T[0m with [33mDefault::default()[0m
src/visit.rs: replace [38;5;13m<impl Visit for DiscoveryVisitor<'_>>::visit_item_fn[0m with [33m()[0m
src/visit.rs: replace [33m||[0m with [38;5;11m&&[0m in [38;5;13m<impl Visit for DiscoveryVisitor<'_>>::visit_item_fn[0m
src/visit.rs: replace [33m||[0m with [38;5;11m&&[0m in [38;5;13m<impl Visit for DiscoveryVisitor<'_>>::visit_item_fn[0m
src/visit.rs: replace [38;5;13m<impl Visit for DiscoveryVisitor<'_>>::visit_impl_item_fn[0m with [33m()[0m
src/visit.rs: replace [33m||[0m with [38;5;11m&&[0m in [38;5;13m<impl Visit for DiscoveryVisitor<'_>>::visit_impl_item_fn[0m
src/visit.rs: replace [33m||[0m with [38;5;11m&&[0m in [38;5;13m<impl Visit for DiscoveryVisitor<'_>>::visit_impl_item_fn[0m
src/visit.rs: replace [33m||[0m with [38;5;11m&&[0m in [38;5;13m<impl Visit for DiscoveryVisitor<'_>>::visit_impl_item_fn[0m
src/visit.rs: replace [33m==[0m with [38;5;11m!=[0m in [38;5;13m<impl Visit for DiscoveryVisitor<'_>>::visit_impl_item_fn[0m
src/visit.rs: replace [38;5;13m<impl Visit for DiscoveryVisitor<'_>>::visit_trait_item_fn[0m with [33m()[0m
src/visit.rs: replace [33m||[0m with [38;5;11m&&[0m in [38;5;13m<impl Visit for DiscoveryVisitor<'_>>::visit_trait_item_fn[0m
src/visit.rs: replace [33m||[0m with [38;5;11m&&[0m in [38;5;13m<impl Visit for DiscoveryVisitor<'_>>::visit_trait_item_fn[0m
src/visit.rs: replace [33m==[0m with [38;5;11m!=[0m in [38;5;13m<impl Visit for DiscoveryVisitor<'_>>::visit_trait_item_fn[0m
src/visit.rs: replace [38;5;13m<impl Visit for DiscoveryVisitor<'_>>::visit_item_impl[0m with [33m()[0m
src/visit.rs: replace [33m==[0m with [38;5;11m!=[0m in [38;5;13m<impl Visit for DiscoveryVisitor<'_>>::visit_item_impl[0m
src/visit.rs: replace [38;5;13m<impl Visit for DiscoveryVisitor<'_>>::visit_item_trait[0m with [33m()[0m
src/visit.rs: replace [38;5;13m<impl Visit for DiscoveryVisitor<'_>>::visit_item_mod[0m with [33m()[0m
src/visit.rs: replace [38;5;13m<impl Visit for DiscoveryVisitor<'_>>::visit_expr_binary[0m with [33m()[0m
src/visit.rs: replace [38;5;13mfunction_body_span[0m [35m-> Option<Span>[0m with [33mNone[0m
src/visit.rs: replace [38;5;13mfunction_body_span[0m [35m-> Option<Span>[0m with [33mSome(Default::default())[0m
src/visit.rs: replace [38;5;13mfind_mod_source[0m [35m-> Result<Option<Utf8PathBuf>>[0m with [33mOk(None)[0m
src/visit.rs: replace [38;5;13mfind_mod_source[0m [35m-> Result<Option<Utf8PathBuf>>[0m with [33mOk(Some(Default::default()))[0m
src/visit.rs: replace [38;5;13mfind_mod_source[0m [35m-> Result<Option<Utf8PathBuf>>[0m with [33mErr(::anyhow::anyhow!("mutated!"))[0m
src/visit.rs: replace [33m||[0m with [38;5;11m&&[0m in [38;5;13mfind_mod_source[0m
src/visit.rs: replace [33m+[0m with [38;5;11m-[0m in [38;5;13mfind_mod_source[0m
src/visit.rs: replace [33m+[0m with [38;5;11m*[0m in [38;5;13mfind_mod_source[0m
src/visit.rs: replace [38;5;13mfn_sig_excluded[0m [35m-> bool[0m with [33mtrue[0m
src/visit.rs: replace [38;5;13mfn_sig_excluded[0m [35m-> bool[0m with [33mfalse[0m
src/visit.rs: replace [38;5;13mattrs_excluded[0m [35m-> bool[0m with [33mtrue[0m
src/visit.rs: replace [38;5;13mattrs_excluded[0m [35m-> bool[0m with [33mfalse[0m
src/visit.rs: replace [33m||[0m with [38;5;11m&&[0m in [38;5;13mattrs_excluded[0m
src/visit.rs: replace [33m||[0m with [38;5;11m&&[0m in [38;5;13mattrs_excluded[0m
src/visit.rs: replace [38;5;13mblock_is_empty[0m [35m-> bool[0m with [33mtrue[0m
src/visit.rs: replace [38;5;13mblock_is_empty[0m [35m-> bool[0m with [33mfalse[0m
src/visit.rs: replace [38;5;13mattr_is_cfg_test[0m [35m-> bool[0m with [33mtrue[0m
src/visit.rs: replace [38;5;13mattr_is_cfg_test[0m [35m-> bool[0m with [33mfalse[0m
src/visit.rs: replace [38;5;13mattr_is_test[0m [35m-> bool[0m with [33mtrue[0m
src/visit.rs: replace [38;5;13mattr_is_test[0m [35m-> bool[0m with [33mfalse[0m
src/visit.rs: replace [38;5;13mpath_is[0m [35m-> bool[0m with [33mtrue[0m
src/visit.rs: replace [38;5;13mpath_is[0m [35m-> bool[0m with [33mfalse[0m
src/visit.rs: replace [38;5;13mattr_is_mutants_skip[0m [35m-> bool[0m with [33mtrue[0m
src/visit.rs: replace [38;5;13mattr_is_mutants_skip[0m [35m-> bool[0m with [33mfalse[0m
src/workspace.rs: replace [38;5;13mPackageFilter::explicit[0m [35m-> PackageFilter[0m with [33mDefault::default()[0m
src/workspace.rs: replace [38;5;13mPackageFilter::resolve_auto[0m [35m-> Result<PackageFilter>[0m with [33mOk(Default::default())[0m
src/workspace.rs: replace [38;5;13mPackageFilter::resolve_auto[0m [35m-> Result<PackageFilter>[0m with [33mErr(::anyhow::anyhow!("mutated!"))[0m
src/workspace.rs: replace [33m==[0m with [38;5;11m!=[0m in [38;5;13mPackageFilter::resolve_auto[0m
src/workspace.rs: replace [38;5;13mWorkspace::open[0m [35m-> Result<Self>[0m with [33mOk(Default::default())[0m
src/workspace.rs: replace [38;5;13mWorkspace::open[0m [35m-> Result<Self>[0m with [33mErr(::anyhow::anyhow!("mutated!"))[0m
src/workspace.rs: replace [38;5;13mWorkspace::packages[0m [35m-> Result<Vec<Arc<Package>>>[0m with [33mOk(vec![])[0m
src/workspace.rs: replace [38;5;13mWorkspace::packages[0m [35m-> Result<Vec<Arc<Package>>>[0m with [33mOk(vec![Arc::new(Default::default())])[0m
src/workspace.rs: replace [38;5;13mWorkspace::packages[0m [35m-> Result<Vec<Arc<Package>>>[0m with [33mErr(::anyhow::anyhow!("mutated!"))[0m
src/workspace.rs: replace [38;5;13mWorkspace::package_tops[0m [35m-> Result<Vec<PackageTop>>[0m with [33mOk(vec![])[0m
src/workspace.rs: replace [38;5;13mWorkspace::package_tops[0m [35m-> Result<Vec<PackageTop>>[0m with [33mOk(vec![Default::default()])[0m
src/workspace.rs: replace [38;5;13mWorkspace::package_tops[0m [35m-> Result<Vec<PackageTop>>[0m with [33mErr(::anyhow::anyhow!("mutated!"))[0m
src/workspace.rs: replace [33m==[0m with [38;5;11m!=[0m in [38;5;13mWorkspace::package_tops[0m
src/workspace.rs: replace [38;5;13mWorkspace::top_sources[0m [35m-> Result<Vec<SourceFile>>[0m with [33mOk(vec![])[0m
src/workspace.rs: replace [38;5;13mWorkspace::top_sources[0m [35m-> Result<Vec<SourceFile>>[0m with [33mOk(vec![Default::default()])[0m
src/workspace.rs: replace [38;5;13mWorkspace::top_sources[0m [35m-> Result<Vec<SourceFile>>[0m with [33mErr(::anyhow::anyhow!("mutated!"))[0m
src/workspace.rs: replace [38;5;13mWorkspace::discover[0m [35m-> Result<Discovered>[0m with [33mOk(Default::default())[0m
src/workspace.rs: replace [38;5;13mWorkspace::discover[0m [35m-> Result<Discovered>[0m with [33mErr(::anyhow::anyhow!("mutated!"))[0m
src/workspace.rs: replace [38;5;13mWorkspace::mutants[0m [35m-> Result<Vec<Mutant>>[0m with [33mOk(vec![])[0m
src/workspace.rs: replace [38;5;13mWorkspace::mutants[0m [35m-> Result<Vec<Mutant>>[0m with [33mOk(vec![Default::default()])[0m
src/workspace.rs: replace [38;5;13mWorkspace::mutants[0m [35m-> Result<Vec<Mutant>>[0m with [33mErr(::anyhow::anyhow!("mutated!"))[0m
src/workspace.rs: replace [38;5;13mdirect_package_sources[0m [35m-> Result<Vec<Utf8PathBuf>>[0m with [33mOk(vec![])[0m
src/workspace.rs: replace [38;5;13mdirect_package_sources[0m [35m-> Result<Vec<Utf8PathBuf>>[0m with [33mOk(vec![Default::default()])[0m
src/workspace.rs: replace [38;5;13mdirect_package_sources[0m [35m-> Result<Vec<Utf8PathBuf>>[0m with [33mErr(::anyhow::anyhow!("mutated!"))[0m
src/workspace.rs: replace [38;5;13mshould_mutate_target[0m [35m-> bool[0m with [33mtrue[0m
src/workspace.rs: replace [38;5;13mshould_mutate_target[0m [35m-> bool[0m with [33mfalse[0m
src/workspace.rs: replace [33m||[0m with [38;5;11m&&[0m in [38;5;13mshould_mutate_target[0m
src/workspace.rs: replace [33m==[0m with [38;5;11m!=[0m in [38;5;13mshould_mutate_target[0m
src/workspace.rs: replace [38;5;13mlocate_project[0m [35m-> Result<Utf8PathBuf>[0m with [33mOk(Default::default())[0m
src/workspace.rs: replace [38;5;13mlocate_project[0m [35m-> Result<Utf8PathBuf>[0m with [33mErr(::anyhow::anyhow!("mutated!"))[0m
